
> attendance-web@0.1.3 build
> next build

node.exe : 
[baseline-browser-mapping] 
The data in this module is 
over two months old.  To 
ensure accurate Baseline 
data, please update: `npm i ba
seline-browser-mapping@latest 
-D`
At line:1 char:1
+ & "C:\Users\marcr\AppData\Lo
cal\fnm_multishells\18528_1771
890857611/n ...
+ ~~~~~~~~~~~~~~~~~~~~~~~~~~~~
~~~~~~~~~~~~~~~~~~~~~~~~~~~~~~
~~~~~~~~~~~
    + CategoryInfo          : 
    NotSpecified: ([baseline  
  -brows...ping@latest -D`:   
 String) [], RemoteExcepti    
on
    + FullyQualifiedErrorId : 
    NativeCommandError
 
   Γû▓ Next.js 16.0.4 (Turbopack)
   - Environments: .env

   Creating an optimized production build ...
[baseline-browser-mapping] 
The data in this module is 
over two months old.  To 
ensure accurate Baseline 
data, please update: `npm i ba
seline-browser-mapping@latest 
-D`
 Γ£ô Compiled successfully in 27.5s
   Running TypeScript ...
   Collecting page data using 13 workers ...
[baseline-browser-mapping] 
The data in this module is 
over two months old.  To 
ensure accurate Baseline 
data, please update: `npm i ba
seline-browser-mapping@latest 
-D`
[baseline-browser-mapping] 
The data in this module is 
over two months old.  To 
ensure accurate Baseline 
data, please update: `npm i ba
seline-browser-mapping@latest 
-D`
[baseline-browser-mapping] 
The data in this module is 
over two months old.  To 
ensure accurate Baseline 
data, please update: `npm i ba
seline-browser-mapping@latest 
-D`
[baseline-browser-mapping] 
The data in this module is 
over two months old.  To 
ensure accurate Baseline 
data, please update: `npm i ba
seline-browser-mapping@latest 
-D`
[baseline-browser-mapping] 
The data in this module is 
over two months old.  To 
ensure accurate Baseline 
data, please update: `npm i ba
seline-browser-mapping@latest 
-D`
[baseline-browser-mapping] 
The data in this module is 
over two months old.  To 
ensure accurate Baseline 
data, please update: `npm i ba
seline-browser-mapping@latest 
-D`
[baseline-browser-mapping] 
The data in this module is 
over two months old.  To 
ensure accurate Baseline 
data, please update: `npm i ba
seline-browser-mapping@latest 
-D`
[baseline-browser-mapping] 
The data in this module is 
over two months old.  To 
ensure accurate Baseline 
data, please update: `npm i ba
seline-browser-mapping@latest 
-D`
[baseline-browser-mapping] 
The data in this module is 
over two months old.  To 
ensure accurate Baseline 
data, please update: `npm i ba
seline-browser-mapping@latest 
-D`
[baseline-browser-mapping] 
The data in this module is 
over two months old.  To 
ensure accurate Baseline 
data, please update: `npm i ba
seline-browser-mapping@latest 
-D`
[baseline-browser-mapping] 
The data in this module is 
over two months old.  To 
ensure accurate Baseline 
data, please update: `npm i ba
seline-browser-mapping@latest 
-D`
[baseline-browser-mapping] 
The data in this module is 
over two months old.  To 
ensure accurate Baseline 
data, please update: `npm i ba
seline-browser-mapping@latest 
-D`
[baseline-browser-mapping] 
The data in this module is 
over two months old.  To 
ensure accurate Baseline 
data, please update: `npm i ba
seline-browser-mapping@latest 
-D`
   Generating static pages using 13 workers (0/37) ...
[baseline-browser-mapping] 
The data in this module is 
over two months old.  To 
ensure accurate Baseline 
data, please update: `npm i ba
seline-browser-mapping@latest 
-D`
[baseline-browser-mapping] 
The data in this module is 
over two months old.  To 
ensure accurate Baseline 
data, please update: `npm i ba
seline-browser-mapping@latest 
-D`
   Generating static pages using 13 workers (9/37) 
   Generating static pages using 13 workers (18/37) 
   Generating static pages using 13 workers (27/37) 
 Γ£ô Generating static pages using 13 workers (37/37) in 3.4s
   Finalizing page optimization ...

Route (app)
Γöî Γùï /
Γö£ Γùï /_not-found
Γö£ Γùï /admin
Γö£ Γùï /admin/departments
Γö£ Γùï /admin/employees
Γö£ Γùï /admin/history
Γö£ Γùï /admin/manager-activity
Γö£ Γùï /admin/manual-entry
Γö£ Γùï /admin/reports
Γö£ Γùï /admin/settings
Γö£ ╞Æ /api/activity-logs
Γö£ ╞Æ /api/attendance
Γö£ ╞Æ /api/attendance-requests
Γö£ ╞Æ /api/attendance-requests/[id]
Γö£ ╞Æ /api/attendance/[id]
Γö£ ╞Æ /api/attendance/break-limit
Γö£ ╞Æ /api/attendance/summary
Γö£ ╞Æ /api/auth/[...nextauth]
Γö£ ╞Æ /api/breaks
Γö£ ╞Æ /api/breaks/[id]
Γö£ ╞Æ /api/calendar/sync
Γö£ ╞Æ /api/chat
Γö£ ╞Æ /api/departments
Γö£ ╞Æ /api/departments/[id]
Γö£ ╞Æ /api/employees
Γö£ ╞Æ /api/employees/[id]
Γö£ ╞Æ /api/leaves
Γö£ ╞Æ /api/leaves/[id]
Γö£ ╞Æ /api/magic/action
Γö£ ╞Æ /api/managers
Γö£ ╞Æ /api/notifications
Γö£ ╞Æ /api/settings
Γö£ ╞Æ /api/stream
Γö£ ╞Æ /api/user/dashboard
Γö£ ╞Æ /api/user/me
Γö£ ╞Æ /api/user/status
Γö£ ╞Æ /api/user/status/sync
Γö£ ╞Æ /api/user/timezone
Γö£ Γùï /unauthorized
Γö£ Γùï /user
Γö£ Γùï /user/activity
Γö£ Γùï /user/amend-records
Γö£ Γùï /user/debug
Γö£ Γùï /user/force-signout
Γö£ Γùï /user/leaves
Γöö Γùï /user/manager


╞Æ Proxy (Middleware)

Γùï  (Static)   prerendered as static content
╞Æ  (Dynamic)  server-rendered on demand

